// Vitest Snapshot v1, https://vitest.dev/guide/snapshot.html

exports[`HeadShotDisplay 1`] = `
{
  "asFragment": [Function],
  "baseElement": <body>
    <div>
      <div
        class="relative w-[400px] h-[400px]"
      >
        <div
          class="absolute inset-0 z-0 flex items-center justify-center"
        >
          <div
            class="bg-card-foreground w-[200px] h-[200px]"
          />
        </div>
        <div
          class="relative z-10 flex items-center justify-center rounded-full w-full h-full overflow-hidden border-card-foreground border-4"
        >
          <img
            alt="michael-headshot"
            class="w-full h-full object-cover"
            src="link-to-image"
          />
        </div>
      </div>
    </div>
  </body>,
  "container": <div>
    <div
      class="relative w-[400px] h-[400px]"
    >
      <div
        class="absolute inset-0 z-0 flex items-center justify-center"
      >
        <div
          class="bg-card-foreground w-[200px] h-[200px]"
        />
      </div>
      <div
        class="relative z-10 flex items-center justify-center rounded-full w-full h-full overflow-hidden border-card-foreground border-4"
      >
        <img
          alt="michael-headshot"
          class="w-full h-full object-cover"
          src="link-to-image"
        />
      </div>
    </div>
  </div>,
  "debug": [Function],
  "findAllByAltText": [Function],
  "findAllByDisplayValue": [Function],
  "findAllByLabelText": [Function],
  "findAllByPlaceholderText": [Function],
  "findAllByRole": [Function],
  "findAllByTestId": [Function],
  "findAllByText": [Function],
  "findAllByTitle": [Function],
  "findByAltText": [Function],
  "findByDisplayValue": [Function],
  "findByLabelText": [Function],
  "findByPlaceholderText": [Function],
  "findByRole": [Function],
  "findByTestId": [Function],
  "findByText": [Function],
  "findByTitle": [Function],
  "getAllByAltText": [Function],
  "getAllByDisplayValue": [Function],
  "getAllByLabelText": [Function],
  "getAllByPlaceholderText": [Function],
  "getAllByRole": [Function],
  "getAllByTestId": [Function],
  "getAllByText": [Function],
  "getAllByTitle": [Function],
  "getByAltText": [Function],
  "getByDisplayValue": [Function],
  "getByLabelText": [Function],
  "getByPlaceholderText": [Function],
  "getByRole": [Function],
  "getByTestId": [Function],
  "getByText": [Function],
  "getByTitle": [Function],
  "queryAllByAltText": [Function],
  "queryAllByDisplayValue": [Function],
  "queryAllByLabelText": [Function],
  "queryAllByPlaceholderText": [Function],
  "queryAllByRole": [Function],
  "queryAllByTestId": [Function],
  "queryAllByText": [Function],
  "queryAllByTitle": [Function],
  "queryByAltText": [Function],
  "queryByDisplayValue": [Function],
  "queryByLabelText": [Function],
  "queryByPlaceholderText": [Function],
  "queryByRole": [Function],
  "queryByTestId": [Function],
  "queryByText": [Function],
  "queryByTitle": [Function],
  "rerender": [Function],
  "unmount": [Function],
}
`;
