// Vitest Snapshot v1, https://vitest.dev/guide/snapshot.html

exports[`Navbar 1`] = `
{
  "asFragment": [Function],
  "baseElement": <body>
    <div>
      <div
        class="fixed h-[80px] top-0 left-0 w-screen flex flex-row items-center justify-between p-2 sm:p-4 md:p-8 lg:p-12 gap-2 z-50 bg-secondary"
      >
        <p
          class="scroll-m-20 text-xl font-semibold tracking-tight"
        >
          mcstich.com
        </p>
        <div
          class="flex flex-row gap-2 items-center justify-center"
        >
          <button
            class="inline-flex items-center justify-center whitespace-nowrap rounded-md font-medium ring-offset-background transition-colors focus-visible:outline-none focus-visible:ring-2 focus-visible:ring-ring focus-visible:ring-offset-2 disabled:pointer-events-none disabled:opacity-50 underline-offset-4 hover:underline h-10 px-4 py-2 text-lg select-none text-primary"
          >
            About
          </button>
          <button
            class="inline-flex items-center justify-center whitespace-nowrap rounded-md font-medium ring-offset-background transition-colors focus-visible:outline-none focus-visible:ring-2 focus-visible:ring-ring focus-visible:ring-offset-2 disabled:pointer-events-none disabled:opacity-50 underline-offset-4 hover:underline h-10 px-4 py-2 text-lg select-none text-primary/75"
          >
            Work
          </button>
          <button
            class="inline-flex items-center justify-center whitespace-nowrap rounded-md font-medium ring-offset-background transition-colors focus-visible:outline-none focus-visible:ring-2 focus-visible:ring-ring focus-visible:ring-offset-2 disabled:pointer-events-none disabled:opacity-50 underline-offset-4 hover:underline h-10 px-4 py-2 text-lg select-none text-primary/75"
          >
            Skills
          </button>
          <button
            class="inline-flex items-center justify-center whitespace-nowrap rounded-md font-medium ring-offset-background transition-colors focus-visible:outline-none focus-visible:ring-2 focus-visible:ring-ring focus-visible:ring-offset-2 disabled:pointer-events-none disabled:opacity-50 underline-offset-4 hover:underline h-10 px-4 py-2 text-lg select-none text-primary/75"
          >
            Projects
          </button>
        </div>
        <button
          class="inline-flex items-center justify-center whitespace-nowrap rounded-md text-sm font-medium ring-offset-background transition-colors focus-visible:outline-none focus-visible:ring-2 focus-visible:ring-ring focus-visible:ring-offset-2 disabled:pointer-events-none disabled:opacity-50 bg-primary text-primary-foreground hover:bg-primary/90 h-10 px-4 py-2 select-none"
        >
          View My Resume
        </button>
      </div>
      <div
        class="h-[80px]"
      />
    </div>
  </body>,
  "container": <div>
    <div
      class="fixed h-[80px] top-0 left-0 w-screen flex flex-row items-center justify-between p-2 sm:p-4 md:p-8 lg:p-12 gap-2 z-50 bg-secondary"
    >
      <p
        class="scroll-m-20 text-xl font-semibold tracking-tight"
      >
        mcstich.com
      </p>
      <div
        class="flex flex-row gap-2 items-center justify-center"
      >
        <button
          class="inline-flex items-center justify-center whitespace-nowrap rounded-md font-medium ring-offset-background transition-colors focus-visible:outline-none focus-visible:ring-2 focus-visible:ring-ring focus-visible:ring-offset-2 disabled:pointer-events-none disabled:opacity-50 underline-offset-4 hover:underline h-10 px-4 py-2 text-lg select-none text-primary"
        >
          About
        </button>
        <button
          class="inline-flex items-center justify-center whitespace-nowrap rounded-md font-medium ring-offset-background transition-colors focus-visible:outline-none focus-visible:ring-2 focus-visible:ring-ring focus-visible:ring-offset-2 disabled:pointer-events-none disabled:opacity-50 underline-offset-4 hover:underline h-10 px-4 py-2 text-lg select-none text-primary/75"
        >
          Work
        </button>
        <button
          class="inline-flex items-center justify-center whitespace-nowrap rounded-md font-medium ring-offset-background transition-colors focus-visible:outline-none focus-visible:ring-2 focus-visible:ring-ring focus-visible:ring-offset-2 disabled:pointer-events-none disabled:opacity-50 underline-offset-4 hover:underline h-10 px-4 py-2 text-lg select-none text-primary/75"
        >
          Skills
        </button>
        <button
          class="inline-flex items-center justify-center whitespace-nowrap rounded-md font-medium ring-offset-background transition-colors focus-visible:outline-none focus-visible:ring-2 focus-visible:ring-ring focus-visible:ring-offset-2 disabled:pointer-events-none disabled:opacity-50 underline-offset-4 hover:underline h-10 px-4 py-2 text-lg select-none text-primary/75"
        >
          Projects
        </button>
      </div>
      <button
        class="inline-flex items-center justify-center whitespace-nowrap rounded-md text-sm font-medium ring-offset-background transition-colors focus-visible:outline-none focus-visible:ring-2 focus-visible:ring-ring focus-visible:ring-offset-2 disabled:pointer-events-none disabled:opacity-50 bg-primary text-primary-foreground hover:bg-primary/90 h-10 px-4 py-2 select-none"
      >
        View My Resume
      </button>
    </div>
    <div
      class="h-[80px]"
    />
  </div>,
  "debug": [Function],
  "findAllByAltText": [Function],
  "findAllByDisplayValue": [Function],
  "findAllByLabelText": [Function],
  "findAllByPlaceholderText": [Function],
  "findAllByRole": [Function],
  "findAllByTestId": [Function],
  "findAllByText": [Function],
  "findAllByTitle": [Function],
  "findByAltText": [Function],
  "findByDisplayValue": [Function],
  "findByLabelText": [Function],
  "findByPlaceholderText": [Function],
  "findByRole": [Function],
  "findByTestId": [Function],
  "findByText": [Function],
  "findByTitle": [Function],
  "getAllByAltText": [Function],
  "getAllByDisplayValue": [Function],
  "getAllByLabelText": [Function],
  "getAllByPlaceholderText": [Function],
  "getAllByRole": [Function],
  "getAllByTestId": [Function],
  "getAllByText": [Function],
  "getAllByTitle": [Function],
  "getByAltText": [Function],
  "getByDisplayValue": [Function],
  "getByLabelText": [Function],
  "getByPlaceholderText": [Function],
  "getByRole": [Function],
  "getByTestId": [Function],
  "getByText": [Function],
  "getByTitle": [Function],
  "queryAllByAltText": [Function],
  "queryAllByDisplayValue": [Function],
  "queryAllByLabelText": [Function],
  "queryAllByPlaceholderText": [Function],
  "queryAllByRole": [Function],
  "queryAllByTestId": [Function],
  "queryAllByText": [Function],
  "queryAllByTitle": [Function],
  "queryByAltText": [Function],
  "queryByDisplayValue": [Function],
  "queryByLabelText": [Function],
  "queryByPlaceholderText": [Function],
  "queryByRole": [Function],
  "queryByTestId": [Function],
  "queryByText": [Function],
  "queryByTitle": [Function],
  "rerender": [Function],
  "unmount": [Function],
}
`;
