// Vitest Snapshot v1, https://vitest.dev/guide/snapshot.html

exports[`ThemeToggle 1`] = `
{
  "asFragment": [Function],
  "baseElement": <body>
    <div>
      <div
        class="fixed bottom-4 left-4 z-50"
      >
        <button
          aria-expanded="false"
          aria-haspopup="menu"
          class="inline-flex items-center justify-center whitespace-nowrap rounded-md text-sm font-medium ring-offset-background transition-colors focus-visible:outline-none focus-visible:ring-2 focus-visible:ring-ring focus-visible:ring-offset-2 disabled:pointer-events-none disabled:opacity-50 border border-input bg-background hover:bg-accent hover:text-accent-foreground h-10 w-10"
          data-state="closed"
          id="radix-:r0:"
          type="button"
        >
          <svg
            class="lucide lucide-sun h-[1.2rem] w-[1.2rem] scale-100 rotate-0 transition-all dark:scale-0 dark:-rotate-90"
            fill="none"
            height="24"
            stroke="currentColor"
            stroke-linecap="round"
            stroke-linejoin="round"
            stroke-width="2"
            viewBox="0 0 24 24"
            width="24"
            xmlns="http://www.w3.org/2000/svg"
          >
            <circle
              cx="12"
              cy="12"
              r="4"
            />
            <path
              d="M12 2v2"
            />
            <path
              d="M12 20v2"
            />
            <path
              d="m4.93 4.93 1.41 1.41"
            />
            <path
              d="m17.66 17.66 1.41 1.41"
            />
            <path
              d="M2 12h2"
            />
            <path
              d="M20 12h2"
            />
            <path
              d="m6.34 17.66-1.41 1.41"
            />
            <path
              d="m19.07 4.93-1.41 1.41"
            />
          </svg>
          <svg
            class="lucide lucide-moon absolute h-[1.2rem] w-[1.2rem] scale-0 rotate-90 transition-all dark:scale-100 dark:rotate-0"
            fill="none"
            height="24"
            stroke="currentColor"
            stroke-linecap="round"
            stroke-linejoin="round"
            stroke-width="2"
            viewBox="0 0 24 24"
            width="24"
            xmlns="http://www.w3.org/2000/svg"
          >
            <path
              d="M12 3a6 6 0 0 0 9 9 9 9 0 1 1-9-9Z"
            />
          </svg>
          <span
            class="sr-only"
          >
            Toggle theme
          </span>
        </button>
      </div>
    </div>
  </body>,
  "container": <div>
    <div
      class="fixed bottom-4 left-4 z-50"
    >
      <button
        aria-expanded="false"
        aria-haspopup="menu"
        class="inline-flex items-center justify-center whitespace-nowrap rounded-md text-sm font-medium ring-offset-background transition-colors focus-visible:outline-none focus-visible:ring-2 focus-visible:ring-ring focus-visible:ring-offset-2 disabled:pointer-events-none disabled:opacity-50 border border-input bg-background hover:bg-accent hover:text-accent-foreground h-10 w-10"
        data-state="closed"
        id="radix-:r0:"
        type="button"
      >
        <svg
          class="lucide lucide-sun h-[1.2rem] w-[1.2rem] scale-100 rotate-0 transition-all dark:scale-0 dark:-rotate-90"
          fill="none"
          height="24"
          stroke="currentColor"
          stroke-linecap="round"
          stroke-linejoin="round"
          stroke-width="2"
          viewBox="0 0 24 24"
          width="24"
          xmlns="http://www.w3.org/2000/svg"
        >
          <circle
            cx="12"
            cy="12"
            r="4"
          />
          <path
            d="M12 2v2"
          />
          <path
            d="M12 20v2"
          />
          <path
            d="m4.93 4.93 1.41 1.41"
          />
          <path
            d="m17.66 17.66 1.41 1.41"
          />
          <path
            d="M2 12h2"
          />
          <path
            d="M20 12h2"
          />
          <path
            d="m6.34 17.66-1.41 1.41"
          />
          <path
            d="m19.07 4.93-1.41 1.41"
          />
        </svg>
        <svg
          class="lucide lucide-moon absolute h-[1.2rem] w-[1.2rem] scale-0 rotate-90 transition-all dark:scale-100 dark:rotate-0"
          fill="none"
          height="24"
          stroke="currentColor"
          stroke-linecap="round"
          stroke-linejoin="round"
          stroke-width="2"
          viewBox="0 0 24 24"
          width="24"
          xmlns="http://www.w3.org/2000/svg"
        >
          <path
            d="M12 3a6 6 0 0 0 9 9 9 9 0 1 1-9-9Z"
          />
        </svg>
        <span
          class="sr-only"
        >
          Toggle theme
        </span>
      </button>
    </div>
  </div>,
  "debug": [Function],
  "findAllByAltText": [Function],
  "findAllByDisplayValue": [Function],
  "findAllByLabelText": [Function],
  "findAllByPlaceholderText": [Function],
  "findAllByRole": [Function],
  "findAllByTestId": [Function],
  "findAllByText": [Function],
  "findAllByTitle": [Function],
  "findByAltText": [Function],
  "findByDisplayValue": [Function],
  "findByLabelText": [Function],
  "findByPlaceholderText": [Function],
  "findByRole": [Function],
  "findByTestId": [Function],
  "findByText": [Function],
  "findByTitle": [Function],
  "getAllByAltText": [Function],
  "getAllByDisplayValue": [Function],
  "getAllByLabelText": [Function],
  "getAllByPlaceholderText": [Function],
  "getAllByRole": [Function],
  "getAllByTestId": [Function],
  "getAllByText": [Function],
  "getAllByTitle": [Function],
  "getByAltText": [Function],
  "getByDisplayValue": [Function],
  "getByLabelText": [Function],
  "getByPlaceholderText": [Function],
  "getByRole": [Function],
  "getByTestId": [Function],
  "getByText": [Function],
  "getByTitle": [Function],
  "queryAllByAltText": [Function],
  "queryAllByDisplayValue": [Function],
  "queryAllByLabelText": [Function],
  "queryAllByPlaceholderText": [Function],
  "queryAllByRole": [Function],
  "queryAllByTestId": [Function],
  "queryAllByText": [Function],
  "queryAllByTitle": [Function],
  "queryByAltText": [Function],
  "queryByDisplayValue": [Function],
  "queryByLabelText": [Function],
  "queryByPlaceholderText": [Function],
  "queryByRole": [Function],
  "queryByTestId": [Function],
  "queryByText": [Function],
  "queryByTitle": [Function],
  "rerender": [Function],
  "unmount": [Function],
}
`;
