// Vitest Snapshot v1, https://vitest.dev/guide/snapshot.html

exports[`App 1`] = `
{
  "asFragment": [Function],
  "baseElement": <body>
    <div>
      <div
        class="h-screen flex justify-center items-center"
      >
        <svg
          aria-hidden="true"
          class="lucide lucide-loader animate-spin h-32 w-32"
          fill="none"
          height="24"
          stroke="currentColor"
          stroke-linecap="round"
          stroke-linejoin="round"
          stroke-width="2"
          viewBox="0 0 24 24"
          width="24"
          xmlns="http://www.w3.org/2000/svg"
        >
          <path
            d="M12 2v4"
          />
          <path
            d="m16.2 7.8 2.9-2.9"
          />
          <path
            d="M18 12h4"
          />
          <path
            d="m16.2 16.2 2.9 2.9"
          />
          <path
            d="M12 18v4"
          />
          <path
            d="m4.9 19.1 2.9-2.9"
          />
          <path
            d="M2 12h4"
          />
          <path
            d="m4.9 4.9 2.9 2.9"
          />
        </svg>
      </div>
    </div>
  </body>,
  "container": <div>
    <div
      class="h-screen flex justify-center items-center"
    >
      <svg
        aria-hidden="true"
        class="lucide lucide-loader animate-spin h-32 w-32"
        fill="none"
        height="24"
        stroke="currentColor"
        stroke-linecap="round"
        stroke-linejoin="round"
        stroke-width="2"
        viewBox="0 0 24 24"
        width="24"
        xmlns="http://www.w3.org/2000/svg"
      >
        <path
          d="M12 2v4"
        />
        <path
          d="m16.2 7.8 2.9-2.9"
        />
        <path
          d="M18 12h4"
        />
        <path
          d="m16.2 16.2 2.9 2.9"
        />
        <path
          d="M12 18v4"
        />
        <path
          d="m4.9 19.1 2.9-2.9"
        />
        <path
          d="M2 12h4"
        />
        <path
          d="m4.9 4.9 2.9 2.9"
        />
      </svg>
    </div>
  </div>,
  "debug": [Function],
  "findAllByAltText": [Function],
  "findAllByDisplayValue": [Function],
  "findAllByLabelText": [Function],
  "findAllByPlaceholderText": [Function],
  "findAllByRole": [Function],
  "findAllByTestId": [Function],
  "findAllByText": [Function],
  "findAllByTitle": [Function],
  "findByAltText": [Function],
  "findByDisplayValue": [Function],
  "findByLabelText": [Function],
  "findByPlaceholderText": [Function],
  "findByRole": [Function],
  "findByTestId": [Function],
  "findByText": [Function],
  "findByTitle": [Function],
  "getAllByAltText": [Function],
  "getAllByDisplayValue": [Function],
  "getAllByLabelText": [Function],
  "getAllByPlaceholderText": [Function],
  "getAllByRole": [Function],
  "getAllByTestId": [Function],
  "getAllByText": [Function],
  "getAllByTitle": [Function],
  "getByAltText": [Function],
  "getByDisplayValue": [Function],
  "getByLabelText": [Function],
  "getByPlaceholderText": [Function],
  "getByRole": [Function],
  "getByTestId": [Function],
  "getByText": [Function],
  "getByTitle": [Function],
  "queryAllByAltText": [Function],
  "queryAllByDisplayValue": [Function],
  "queryAllByLabelText": [Function],
  "queryAllByPlaceholderText": [Function],
  "queryAllByRole": [Function],
  "queryAllByTestId": [Function],
  "queryAllByText": [Function],
  "queryAllByTitle": [Function],
  "queryByAltText": [Function],
  "queryByDisplayValue": [Function],
  "queryByLabelText": [Function],
  "queryByPlaceholderText": [Function],
  "queryByRole": [Function],
  "queryByTestId": [Function],
  "queryByText": [Function],
  "queryByTitle": [Function],
  "rerender": [Function],
  "unmount": [Function],
}
`;
